------------------------------------------------------------
Timing Analyzer Summary
------------------------------------------------------------

Type  : Slow 1100mV 85C Model Setup 'CLOCK_50'
Slack : -7.654
TNS   : -14030.548

Type  : Slow 1100mV 85C Model Hold 'CLOCK_50'
Slack : 0.462
TNS   : 0.000

Type  : Slow 1100mV 85C Model Minimum Pulse Width 'CLOCK_50'
Slack : -0.538
TNS   : -2070.785

Type  : Slow 1100mV 0C Model Setup 'CLOCK_50'
Slack : -7.768
TNS   : -13868.263

Type  : Slow 1100mV 0C Model Hold 'CLOCK_50'
Slack : 0.470
TNS   : 0.000

Type  : Slow 1100mV 0C Model Minimum Pulse Width 'CLOCK_50'
Slack : -0.538
TNS   : -1841.118

Type  : Fast 1100mV 85C Model Setup 'CLOCK_50'
Slack : -3.645
TNS   : -5853.157

Type  : Fast 1100mV 85C Model Hold 'CLOCK_50'
Slack : 0.198
TNS   : 0.000

Type  : Fast 1100mV 85C Model Minimum Pulse Width 'CLOCK_50'
Slack : -0.409
TNS   : -1051.927

Type  : Fast 1100mV 0C Model Setup 'CLOCK_50'
Slack : -3.189
TNS   : -5054.953

Type  : Fast 1100mV 0C Model Hold 'CLOCK_50'
Slack : 0.189
TNS   : 0.000

Type  : Fast 1100mV 0C Model Minimum Pulse Width 'CLOCK_50'
Slack : -0.446
TNS   : -1259.651

------------------------------------------------------------
